../Core/Src/main.c:106:5:main	160	static
../Core/Src/main.c:215:6:SystemClock_Config	120	static
../Core/Src/main.c:258:13:MX_ADC1_Init	32	static
../Core/Src/main.c:329:13:MX_CAN_Init	48	static
../Core/Src/main.c:381:13:MX_USART2_UART_Init	8	static
../Core/Src/main.c:412:13:MX_DMA_Init	16	static
../Core/Src/main.c:450:13:MX_GPIO_Init	48	static
../Core/Src/main.c:569:6:Enable_DMA_Interrupts	8	static
../Core/Src/main.c:584:6:DMA1_Channel1_IRQHandler	8	static
../Core/Src/main.c:639:6:parked_init	16	static
../Core/Src/main.c:656:6:HAL_TIM_PeriodElapsedCallback	16	static
../Core/Src/main.c:672:6:Error_Handler	4	static,ignoring_inline_asm
