../Core/Src/main.c:98:5:main	104	static
../Core/Src/main.c:197:6:SystemClock_Config	120	static
../Core/Src/main.c:244:13:MX_ADC1_Init	32	static
../Core/Src/main.c:317:13:MX_CAN_Init	48	static
../Core/Src/main.c:372:13:MX_USART2_UART_Init	8	static
../Core/Src/main.c:405:13:MX_DMA_Init	16	static
../Core/Src/main.c:423:13:MX_GPIO_Init	48	static
../Core/Src/main.c:466:6:parked_init	16	static
../Core/Src/main.c:484:6:HAL_TIM_PeriodElapsedCallback	16	static
../Core/Src/main.c:501:6:Error_Handler	4	static,ignoring_inline_asm
